// Jest Snapshot v1, https://goo.gl/fbAQLP

exports[`Snapshot example 1`] = `
<div>
  <div>
    <h1>
      Snapshot Testing
    </h1>
    <button>
      Update Text
    </button>
    <h1 />
  </div>
</div>
`;
